==> 正在创建软件包：reader-cachyos-git 0.1.0.r15.gd65492e.20261002-1 (2026年10月02日 星期五 23时50分56秒)
==> 正在检查运行时依赖关系...
==> 正在检查编译时依赖关系
==> 获取源代码...
  -> 找到 reader-source.tar.gz
==> 正在验证 source 文件，使用sha256sums...
    reader-source.tar.gz ... 已跳过
==> 正在释放源码...
  -> 正在解压缩 reader-source.tar.gz，使用 bsdtar
==> 正在开始 build()...
-- The CXX compiler identification is GNU 16.2.1
-- Detecting CXX compiler ABI info
-- Detecting CXX compiler ABI info - done
-- Check for working CXX compiler: /usr/bin/c++ - skipped
-- Detecting CXX compile features
-- Detecting CXX compile features - done
-- Performing Test CMAKE_HAVE_LIBC_PTHREAD
-- Performing Test CMAKE_HAVE_LIBC_PTHREAD - Success
-- Found Threads: TRUE
-- Performing Test HAVE_STDATOMIC
-- Performing Test HAVE_STDATOMIC - Success
-- Found WrapAtomic: TRUE
-- Found OpenGL: /usr/lib/libOpenGL.so
-- Found WrapOpenGL: TRUE
-- Could NOT find WrapVulkanHeaders (missing: Vulkan_INCLUDE_DIR) 
-- Found LibArchive: /usr/lib/libarchive.so (found version "3.8.9")
-- Configuring done (0.7s)
-- Generating done (0.1s)
-- Build files have been written to: /tmp/reader-release.Vv7emX/src/build
[  0%] Built target reader_core_autogen_timestamp_deps
[  0%] Automatic MOC and UIC for target reader_core
[  0%] Built target reader_core_autogen
[  1%] Building CXX object CMakeFiles/reader_core.dir/reader_core_autogen/mocs_compilation.cpp.o
[  1%] Building CXX object CMakeFiles/reader_core.dir/src/core/ChapterParser.cpp.o
[  3%] Building CXX object CMakeFiles/reader_core.dir/src/core/TextCodec.cpp.o
[  3%] Building CXX object CMakeFiles/reader_core.dir/src/core/Book.cpp.o
[  4%] Building CXX object CMakeFiles/reader_core.dir/src/core/TextBook.cpp.o
[  5%] Building CXX object CMakeFiles/reader_core.dir/src/core/EpubBook.cpp.o
[  5%] Building CXX object CMakeFiles/reader_core.dir/src/core/Page.cpp.o
[  6%] Building CXX object CMakeFiles/reader_core.dir/src/core/Settings.cpp.o
[  7%] Building CXX object CMakeFiles/reader_core.dir/src/core/Cache.cpp.o
[  7%] Building CXX object CMakeFiles/reader_core.dir/src/core/Keyset.cpp.o
[  8%] Building CXX object CMakeFiles/reader_core.dir/src/core/NiriConfig.cpp.o
[  9%] Linking CXX static library libreader_core.a
[  9%] Built target reader_core
[  9%] Built target reader_autogen_timestamp_deps
[  9%] Built target tst_textcodec_autogen_timestamp_deps
[  9%] Built target tst_textbook_autogen_timestamp_deps
[  9%] Built target tst_chapterparser_autogen_timestamp_deps
[  9%] Built target tst_settings_autogen_timestamp_deps
[  9%] Built target tst_cache_autogen_timestamp_deps
[  9%] Built target tst_page_autogen_timestamp_deps
[  9%] Built target tst_readingview_autogen_timestamp_deps
[  9%] Built target tst_bookmarks_autogen_timestamp_deps
[  9%] Built target tst_keyset_autogen_timestamp_deps
[  9%] Built target tst_mainwindow_autogen_timestamp_deps
[  9%] Built target tst_bookmarkdialog_autogen_timestamp_deps
[  9%] Built target tst_mainwindow2_autogen_timestamp_deps
[  9%] Built target tst_page2_autogen_timestamp_deps
[  9%] Built target tst_readingview2_autogen_timestamp_deps
[  9%] Built target tst_settings2_autogen_timestamp_deps
[  9%] Built target tst_page3_autogen_timestamp_deps
[  9%] Built target tst_tags_autogen_timestamp_deps
[  9%] Built target tst_settings3_autogen_timestamp_deps
[  9%] Built target tst_autopage_autogen_timestamp_deps
[  9%] Built target tst_window_autogen_timestamp_deps
[  9%] Automatic MOC and UIC for target reader
[  9%] Built target tst_epubbook_autogen_timestamp_deps
[  9%] Built target tst_niriconfig_autogen_timestamp_deps
[ 10%] Automatic MOC and UIC for target tst_textcodec
[ 11%] Automatic MOC and UIC for target tst_textbook
[ 11%] Automatic MOC and UIC for target tst_chapterparser
[ 11%] Built target reader_autogen
[ 12%] Automatic MOC and UIC for target tst_page
[ 12%] Built target tst_textcodec_autogen
[ 12%] Built target tst_chapterparser_autogen
[ 13%] Automatic MOC and UIC for target tst_settings
[ 14%] Automatic MOC and UIC for target tst_cache
[ 14%] Built target tst_textbook_autogen
[ 14%] Automatic MOC and UIC for target tst_readingview
[ 14%] Built target tst_page_autogen
[ 15%] Automatic MOC and UIC for target tst_mainwindow
[ 15%] Built target tst_cache_autogen
[ 16%] Automatic MOC and UIC for target tst_keyset
[ 16%] Built target tst_settings_autogen
[ 16%] Built target tst_readingview_autogen
[ 17%] Automatic MOC and UIC for target tst_bookmarks
[ 18%] Automatic MOC and UIC for target tst_bookmarkdialog
[ 18%] Built target tst_mainwindow_autogen
[ 18%] Automatic MOC and UIC for target tst_page2
[ 18%] Built target tst_keyset_autogen
[ 18%] Automatic MOC and UIC for target tst_settings2
[ 18%] Built target tst_bookmarkdialog_autogen
[ 19%] Automatic MOC and UIC for target tst_readingview2
[ 19%] Built target tst_bookmarks_autogen
[ 20%] Automatic MOC and UIC for target tst_mainwindow2
[ 20%] Built target tst_settings2_autogen
[ 20%] Built target tst_page2_autogen
[ 21%] Automatic MOC and UIC for target tst_settings3
[ 21%] Built target tst_readingview2_autogen
[ 22%] Automatic MOC and UIC for target tst_page3
[ 23%] Automatic MOC and UIC for target tst_autopage
[ 23%] Built target tst_mainwindow2_autogen
[ 24%] Automatic MOC and UIC for target tst_tags
[ 24%] Built target tst_settings3_autogen
[ 25%] Automatic MOC and UIC for target tst_window
[ 25%] Built target tst_autopage_autogen
[ 25%] Automatic MOC and UIC for target tst_niriconfig
[ 25%] Built target tst_tags_autogen
[ 25%] Built target tst_page3_autogen
[ 26%] Automatic MOC and UIC for target tst_epubbook
[ 26%] Building CXX object CMakeFiles/reader.dir/reader_autogen/mocs_compilation.cpp.o
[ 26%] Built target tst_niriconfig_autogen
[ 26%] Built target tst_epubbook_autogen
[ 27%] Building CXX object CMakeFiles/tst_textcodec.dir/tst_textcodec_autogen/mocs_compilation.cpp.o
[ 27%] Building CXX object CMakeFiles/tst_textcodec.dir/tests/tst_textcodec.cpp.o
[ 27%] Building CXX object CMakeFiles/tst_chapterparser.dir/tst_chapterparser_autogen/mocs_compilation.cpp.o
[ 27%] Built target tst_window_autogen
[ 28%] Building CXX object CMakeFiles/tst_chapterparser.dir/tests/tst_chapterparser.cpp.o
[ 29%] Building CXX object CMakeFiles/tst_textbook.dir/tst_textbook_autogen/mocs_compilation.cpp.o
[ 29%] Building CXX object CMakeFiles/tst_textbook.dir/tests/tst_textbook.cpp.o
[ 30%] Building CXX object CMakeFiles/reader.dir/src/main.cpp.o
/tmp/reader-release.Vv7emX/src/tests/tst_textbook.cpp: In function ‘QString writeTemp(const QTemporaryDir&, const QString&, const QByteArray&)’:
/tmp/reader-release.Vv7emX/src/tests/tst_textbook.cpp:25:11: warning: ignoring return value of ‘virtual bool QFile::open(QIODeviceBase::OpenMode)’, declared with attribute ‘nodiscard’ [-Wunused-result]
   25 |     f.open(QIODevice::WriteOnly);
      |     ~~~~~~^~~~~~~~~~~~~~~~~~~~~~
In file included from /usr/include/qt6/QtCore/qdir.h:11,
                 from /usr/include/qt6/QtCore/QtCore:92,
                 from /usr/include/qt6/QtTest/QtTestDepends:3,
                 from /usr/include/qt6/QtTest/QtTest:3,
                 from /tmp/reader-release.Vv7emX/src/tests/tst_textbook.cpp:1:
/usr/include/qt6/QtCore/qfile.h:264:32: note: 在此声明
  264 |     QFILE_MAYBE_NODISCARD bool open(OpenMode flags) override;
      |                                ^~~~
[ 31%] Linking CXX executable tst_textcodec
[ 32%] Linking CXX executable tst_chapterparser
[ 33%] Linking CXX executable tst_textbook
[ 33%] Built target tst_textcodec
[ 34%] Building CXX object CMakeFiles/reader.dir/src/app/MainWindow.cpp.o
[ 34%] Built target tst_chapterparser
[ 35%] Building CXX object CMakeFiles/tst_page.dir/tst_page_autogen/mocs_compilation.cpp.o
[ 36%] Building CXX object CMakeFiles/tst_page.dir/tests/tst_page.cpp.o
[ 36%] Building CXX object CMakeFiles/reader.dir/src/app/ReadingView.cpp.o
[ 36%] Built target tst_textbook
[ 37%] Building CXX object CMakeFiles/reader.dir/src/app/SettingsDialog.cpp.o
[ 38%] Building CXX object CMakeFiles/reader.dir/src/app/KeysetDialog.cpp.o
[ 38%] Linking CXX executable tst_page
[ 38%] Building CXX object CMakeFiles/reader.dir/src/app/BookmarkDialog.cpp.o
[ 39%] Building CXX object CMakeFiles/reader.dir/src/app/BasicSettingsDialog.cpp.o
[ 39%] Built target tst_page
[ 40%] Building CXX object CMakeFiles/tst_settings.dir/tst_settings_autogen/mocs_compilation.cpp.o
[ 41%] Building CXX object CMakeFiles/tst_settings.dir/tests/tst_settings.cpp.o
[ 42%] Building CXX object CMakeFiles/reader.dir/src/app/AdvancedSettingsDialog.cpp.o
[ 43%] Building CXX object CMakeFiles/tst_cache.dir/tst_cache_autogen/mocs_compilation.cpp.o
[ 43%] Building CXX object CMakeFiles/tst_cache.dir/tests/tst_cache.cpp.o
[ 43%] Building CXX object CMakeFiles/reader.dir/src/app/TagsetDialog.cpp.o
/tmp/reader-release.Vv7emX/src/tests/tst_settings.cpp: In member function ‘void TestSettings::corruptJsonFallsBackToDefaults()’:
/tmp/reader-release.Vv7emX/src/tests/tst_settings.cpp:66:11: warning: ignoring return value of ‘virtual bool QFile::open(QIODeviceBase::OpenMode)’, declared with attribute ‘nodiscard’ [-Wunused-result]
   66 |     f.open(QIODevice::WriteOnly);
      |     ~~~~~~^~~~~~~~~~~~~~~~~~~~~~
In file included from /usr/include/qt6/QtCore/qdir.h:11,
                 from /usr/include/qt6/QtCore/QtCore:92,
                 from /usr/include/qt6/QtTest/QtTestDepends:3,
                 from /usr/include/qt6/QtTest/QtTest:3,
                 from /tmp/reader-release.Vv7emX/src/tests/tst_settings.cpp:1:
/usr/include/qt6/QtCore/qfile.h:264:32: note: 在此声明
  264 |     QFILE_MAYBE_NODISCARD bool open(OpenMode flags) override;
      |                                ^~~~
[ 44%] Building CXX object CMakeFiles/reader.dir/src/app/RemoteControl.cpp.o
[ 45%] Linking CXX executable tst_settings
[ 45%] Built target tst_settings
[ 46%] Linking CXX executable tst_cache
[ 46%] Building CXX object CMakeFiles/tst_readingview.dir/tst_readingview_autogen/mocs_compilation.cpp.o
[ 47%] Building CXX object CMakeFiles/tst_mainwindow.dir/tst_mainwindow_autogen/mocs_compilation.cpp.o
[ 48%] Linking CXX executable reader
[ 48%] Built target tst_cache
[ 48%] Building CXX object CMakeFiles/tst_mainwindow.dir/tests/tst_mainwindow.cpp.o
[ 49%] Building CXX object CMakeFiles/tst_readingview.dir/tests/tst_readingview.cpp.o
[ 50%] Building CXX object CMakeFiles/tst_mainwindow.dir/src/app/MainWindow.cpp.o
[ 51%] Building CXX object CMakeFiles/tst_readingview.dir/src/app/ReadingView.cpp.o
[ 52%] Building CXX object CMakeFiles/tst_mainwindow.dir/src/app/SettingsDialog.cpp.o
[ 52%] Building CXX object CMakeFiles/tst_mainwindow.dir/src/app/ReadingView.cpp.o
[ 53%] Building CXX object CMakeFiles/tst_mainwindow.dir/src/app/KeysetDialog.cpp.o
[ 53%] Linking CXX executable tst_readingview
[ 54%] Building CXX object CMakeFiles/tst_mainwindow.dir/src/app/BookmarkDialog.cpp.o
[ 54%] Built target reader
[ 55%] Building CXX object CMakeFiles/tst_keyset.dir/tst_keyset_autogen/mocs_compilation.cpp.o
[ 55%] Building CXX object CMakeFiles/tst_keyset.dir/tests/tst_keyset.cpp.o
[ 55%] Building CXX object CMakeFiles/tst_mainwindow.dir/src/app/BasicSettingsDialog.cpp.o
[ 56%] Building CXX object CMakeFiles/tst_mainwindow.dir/src/app/AdvancedSettingsDialog.cpp.o
[ 57%] Linking CXX executable tst_keyset
[ 57%] Built target tst_readingview
[ 58%] Building CXX object CMakeFiles/tst_bookmarks.dir/tst_bookmarks_autogen/mocs_compilation.cpp.o
[ 59%] Building CXX object CMakeFiles/tst_bookmarks.dir/tests/tst_bookmarks.cpp.o
[ 60%] Building CXX object CMakeFiles/tst_mainwindow.dir/src/app/TagsetDialog.cpp.o
[ 60%] Built target tst_keyset
[ 60%] Building CXX object CMakeFiles/tst_mainwindow.dir/src/app/RemoteControl.cpp.o
[ 60%] Building CXX object CMakeFiles/tst_bookmarkdialog.dir/tst_bookmarkdialog_autogen/mocs_compilation.cpp.o
[ 61%] Building CXX object CMakeFiles/tst_page2.dir/tst_page2_autogen/mocs_compilation.cpp.o
[ 62%] Building CXX object CMakeFiles/tst_page2.dir/tests/tst_page2.cpp.o
[ 63%] Linking CXX executable tst_mainwindow
[ 64%] Building CXX object CMakeFiles/tst_bookmarkdialog.dir/tests/tst_bookmarkdialog.cpp.o
[ 64%] Linking CXX executable tst_bookmarks
[ 64%] Built target tst_bookmarks
[ 64%] Building CXX object CMakeFiles/tst_settings2.dir/tst_settings2_autogen/mocs_compilation.cpp.o
[ 65%] Building CXX object CMakeFiles/tst_settings2.dir/tests/tst_settings2.cpp.o
[ 66%] Linking CXX executable tst_page2
[ 67%] Building CXX object CMakeFiles/tst_bookmarkdialog.dir/src/app/BookmarkDialog.cpp.o
[ 67%] Built target tst_page2
[ 68%] Building CXX object CMakeFiles/tst_readingview2.dir/tst_readingview2_autogen/mocs_compilation.cpp.o
[ 69%] Linking CXX executable tst_settings2
[ 69%] Linking CXX executable tst_bookmarkdialog
[ 69%] Built target tst_settings2
[ 70%] Building CXX object CMakeFiles/tst_mainwindow2.dir/tst_mainwindow2_autogen/mocs_compilation.cpp.o
[ 71%] Building CXX object CMakeFiles/tst_readingview2.dir/tests/tst_readingview2.cpp.o
[ 71%] Built target tst_bookmarkdialog
[ 72%] Building CXX object CMakeFiles/tst_settings3.dir/tst_settings3_autogen/mocs_compilation.cpp.o
[ 73%] Building CXX object CMakeFiles/tst_settings3.dir/tests/tst_settings3.cpp.o
[ 73%] Built target tst_mainwindow
[ 74%] Building CXX object CMakeFiles/tst_page3.dir/tst_page3_autogen/mocs_compilation.cpp.o
[ 75%] Building CXX object CMakeFiles/tst_page3.dir/tests/tst_page3.cpp.o
[ 75%] Building CXX object CMakeFiles/tst_mainwindow2.dir/tests/tst_mainwindow2.cpp.o
[ 75%] Linking CXX executable tst_settings3
[ 75%] Building CXX object CMakeFiles/tst_readingview2.dir/src/app/ReadingView.cpp.o
[ 75%] Built target tst_settings3
[ 76%] Building CXX object CMakeFiles/tst_mainwindow2.dir/src/app/MainWindow.cpp.o
[ 76%] Linking CXX executable tst_page3
[ 77%] Building CXX object CMakeFiles/tst_mainwindow2.dir/src/app/ReadingView.cpp.o
[ 78%] Linking CXX executable tst_readingview2
[ 78%] Built target tst_page3
[ 79%] Building CXX object CMakeFiles/tst_autopage.dir/tst_autopage_autogen/mocs_compilation.cpp.o
[ 80%] Building CXX object CMakeFiles/tst_mainwindow2.dir/src/app/SettingsDialog.cpp.o
[ 80%] Building CXX object CMakeFiles/tst_mainwindow2.dir/src/app/KeysetDialog.cpp.o
[ 81%] Building CXX object CMakeFiles/tst_autopage.dir/tests/tst_autopage.cpp.o
[ 81%] Building CXX object CMakeFiles/tst_autopage.dir/src/app/ReadingView.cpp.o
[ 81%] Built target tst_readingview2
[ 81%] Building CXX object CMakeFiles/tst_tags.dir/tst_tags_autogen/mocs_compilation.cpp.o
[ 82%] Building CXX object CMakeFiles/tst_mainwindow2.dir/src/app/BookmarkDialog.cpp.o
[ 83%] Building CXX object CMakeFiles/tst_mainwindow2.dir/src/app/BasicSettingsDialog.cpp.o
[ 84%] Linking CXX executable tst_autopage
[ 85%] Building CXX object CMakeFiles/tst_tags.dir/tests/tst_tags.cpp.o
[ 86%] Building CXX object CMakeFiles/tst_tags.dir/src/app/ReadingView.cpp.o
[ 86%] Building CXX object CMakeFiles/tst_mainwindow2.dir/src/app/AdvancedSettingsDialog.cpp.o
/tmp/reader-release.Vv7emX/src/tests/tst_tags.cpp: In member function ‘void TestTags::disabledTagIgnored()’:
/tmp/reader-release.Vv7emX/src/tests/tst_tags.cpp:23:11: warning: ignoring return value of ‘virtual bool QFile::open(QIODeviceBase::OpenMode)’, declared with attribute ‘nodiscard’ [-Wunused-result]
   23 |     f.open(QIODevice::WriteOnly);
      |     ~~~~~~^~~~~~~~~~~~~~~~~~~~~~
In file included from /usr/include/qt6/QtCore/qdir.h:11,
                 from /usr/include/qt6/QtCore/QtCore:92,
                 from /usr/include/qt6/QtTest/QtTestDepends:3,
                 from /usr/include/qt6/QtTest/QtTest:3,
                 from /tmp/reader-release.Vv7emX/src/tests/tst_tags.cpp:1:
/usr/include/qt6/QtCore/qfile.h:264:32: note: 在此声明
  264 |     QFILE_MAYBE_NODISCARD bool open(OpenMode flags) override;
      |                                ^~~~
/tmp/reader-release.Vv7emX/src/tests/tst_tags.cpp: In member function ‘void TestTags::enabledTagStored()’:
/tmp/reader-release.Vv7emX/src/tests/tst_tags.cpp:41:11: warning: ignoring return value of ‘virtual bool QFile::open(QIODeviceBase::OpenMode)’, declared with attribute ‘nodiscard’ [-Wunused-result]
   41 |     f.open(QIODevice::WriteOnly);
      |     ~~~~~~^~~~~~~~~~~~~~~~~~~~~~
/usr/include/qt6/QtCore/qfile.h:264:32: note: 在此声明
  264 |     QFILE_MAYBE_NODISCARD bool open(OpenMode flags) override;
      |                                ^~~~
[ 87%] Building CXX object CMakeFiles/tst_mainwindow2.dir/src/app/TagsetDialog.cpp.o
[ 87%] Linking CXX executable tst_tags
[ 87%] Built target tst_autopage
[ 87%] Building CXX object CMakeFiles/tst_window.dir/tst_window_autogen/mocs_compilation.cpp.o
[ 88%] Building CXX object CMakeFiles/tst_mainwindow2.dir/src/app/RemoteControl.cpp.o
[ 88%] Building CXX object CMakeFiles/tst_niriconfig.dir/tst_niriconfig_autogen/mocs_compilation.cpp.o
[ 89%] Building CXX object CMakeFiles/tst_niriconfig.dir/tests/tst_niriconfig.cpp.o
[ 89%] Linking CXX executable tst_mainwindow2
[ 90%] Building CXX object CMakeFiles/tst_window.dir/tests/tst_window.cpp.o
[ 90%] Built target tst_tags
[ 91%] Building CXX object CMakeFiles/tst_epubbook.dir/tst_epubbook_autogen/mocs_compilation.cpp.o
[ 92%] Building CXX object CMakeFiles/tst_epubbook.dir/tests/tst_epubbook.cpp.o
[ 93%] Linking CXX executable tst_niriconfig
[ 93%] Built target tst_niriconfig
[ 94%] Building CXX object CMakeFiles/tst_window.dir/src/app/MainWindow.cpp.o
[ 94%] Building CXX object CMakeFiles/tst_window.dir/src/app/ReadingView.cpp.o
[ 94%] Linking CXX executable tst_epubbook
[ 95%] Building CXX object CMakeFiles/tst_window.dir/src/app/SettingsDialog.cpp.o
[ 96%] Building CXX object CMakeFiles/tst_window.dir/src/app/KeysetDialog.cpp.o
[ 96%] Built target tst_epubbook
[ 96%] Building CXX object CMakeFiles/tst_window.dir/src/app/BookmarkDialog.cpp.o
[ 96%] Built target tst_mainwindow2
[ 97%] Building CXX object CMakeFiles/tst_window.dir/src/app/BasicSettingsDialog.cpp.o
[ 98%] Building CXX object CMakeFiles/tst_window.dir/src/app/AdvancedSettingsDialog.cpp.o
[ 98%] Building CXX object CMakeFiles/tst_window.dir/src/app/TagsetDialog.cpp.o
[ 99%] Building CXX object CMakeFiles/tst_window.dir/src/app/RemoteControl.cpp.o
[100%] Linking CXX executable tst_window
[100%] Built target tst_window
==> 正在开始 check()...
Test project /tmp/reader-release.Vv7emX/src/build
      Start  1: textcodec
 1/22 Test  #1: textcodec ........................   Passed    0.01 sec
      Start  2: chapterparser
 2/22 Test  #2: chapterparser ....................   Passed    0.01 sec
      Start  3: textbook
 3/22 Test  #3: textbook .........................   Passed    0.01 sec
      Start  4: page
 4/22 Test  #4: page .............................   Passed    0.09 sec
      Start  5: settings
 5/22 Test  #5: settings .........................   Passed    0.01 sec
      Start  6: cache
 6/22 Test  #6: cache ............................   Passed    0.01 sec
      Start  7: readingview
 7/22 Test  #7: readingview ......................   Passed    0.06 sec
      Start  8: mainwindow
 8/22 Test  #8: mainwindow .......................   Passed    0.16 sec
      Start  9: keyset
 9/22 Test  #9: keyset ...........................   Passed    0.01 sec
      Start 10: bookmarks
10/22 Test #10: bookmarks ........................   Passed    0.00 sec
      Start 11: bookmarkdialog
11/22 Test #11: bookmarkdialog ...................   Passed    0.06 sec
      Start 12: page2
12/22 Test #12: page2 ............................   Passed    0.06 sec
      Start 13: settings2
13/22 Test #13: settings2 ........................   Passed    0.01 sec
      Start 14: readingview2
14/22 Test #14: readingview2 .....................   Passed    0.07 sec
      Start 15: mainwindow2
15/22 Test #15: mainwindow2 ......................   Passed    0.65 sec
      Start 16: settings3
16/22 Test #16: settings3 ........................   Passed    0.01 sec
      Start 17: page3
17/22 Test #17: page3 ............................   Passed    0.06 sec
      Start 18: autopage
18/22 Test #18: autopage .........................   Passed    0.17 sec
      Start 19: tags
19/22 Test #19: tags .............................   Passed    0.06 sec
      Start 20: window
20/22 Test #20: window ...........................   Passed    0.16 sec
      Start 21: niriconfig
21/22 Test #21: niriconfig .......................   Passed    0.00 sec
      Start 22: epubbook
22/22 Test #22: epubbook .........................   Passed    0.06 sec

100% tests passed out of 22

Total Test time (real) =   1.77 sec
==> 正在进入 fakeroot 环境...
==> 正在开始 package()...
==> 正在清理安装...
  -> 正在删除 libtool 文件...
  -> Purging unreproducible ruby files...
  -> 正在移除静态库文件...
  -> 正在清除不打算要的文件...
  -> 正在从二进制文件和库中清除不需要的系统符号...
  -> 正在压缩 man 及 info 文档...
==> 正在检查打包问题...
==> 正在构建软件包"reader-cachyos-git"...
  -> 正在生成 .PKGINFO 文件...
  -> 正在生成 .BUILDINFO 文件...
  -> 正在添加 install 文件...
  -> 正在生成 .MTREE 文件...
  -> 正在压缩软件包...
==> 正在离开 fakeroot 环境。
==> 完成创建：reader-cachyos-git 0.1.0.r15.gd65492e.20261002-1 (2026年10月02日 星期五 23时51分56秒)
==> 清理中...
